// Jest Snapshot v1, https://goo.gl/fbAQLP

exports[`Navbar renders Navbar component 1`] = `
Object {
  "asFragment": [Function],
  "baseElement": <body>
    <div>
      <nav
        class="nav-bar"
      >
        <h1
          class="nav-title"
        >
          Math Magicians
        </h1>
        <ul
          class="nav-list"
        >
          <li>
            <a
              aria-current="page"
              class="nav-item active"
              href="/"
            >
              Home
               |
            </a>
          </li>
          <li>
            <a
              class="nav-item"
              href="/calculator"
            >
              Calculator
               |
            </a>
          </li>
          <li>
            <a
              class="nav-item"
              href="/quotes"
            >
              Quotes
            </a>
          </li>
        </ul>
      </nav>
    </div>
  </body>,
  "container": <div>
    <nav
      class="nav-bar"
    >
      <h1
        class="nav-title"
      >
        Math Magicians
      </h1>
      <ul
        class="nav-list"
      >
        <li>
          <a
            aria-current="page"
            class="nav-item active"
            href="/"
          >
            Home
             |
          </a>
        </li>
        <li>
          <a
            class="nav-item"
            href="/calculator"
          >
            Calculator
             |
          </a>
        </li>
        <li>
          <a
            class="nav-item"
            href="/quotes"
          >
            Quotes
          </a>
        </li>
      </ul>
    </nav>
  </div>,
  "debug": [Function],
  "findAllByAltText": [Function],
  "findAllByDisplayValue": [Function],
  "findAllByLabelText": [Function],
  "findAllByPlaceholderText": [Function],
  "findAllByRole": [Function],
  "findAllByTestId": [Function],
  "findAllByText": [Function],
  "findAllByTitle": [Function],
  "findByAltText": [Function],
  "findByDisplayValue": [Function],
  "findByLabelText": [Function],
  "findByPlaceholderText": [Function],
  "findByRole": [Function],
  "findByTestId": [Function],
  "findByText": [Function],
  "findByTitle": [Function],
  "getAllByAltText": [Function],
  "getAllByDisplayValue": [Function],
  "getAllByLabelText": [Function],
  "getAllByPlaceholderText": [Function],
  "getAllByRole": [Function],
  "getAllByTestId": [Function],
  "getAllByText": [Function],
  "getAllByTitle": [Function],
  "getByAltText": [Function],
  "getByDisplayValue": [Function],
  "getByLabelText": [Function],
  "getByPlaceholderText": [Function],
  "getByRole": [Function],
  "getByTestId": [Function],
  "getByText": [Function],
  "getByTitle": [Function],
  "queryAllByAltText": [Function],
  "queryAllByDisplayValue": [Function],
  "queryAllByLabelText": [Function],
  "queryAllByPlaceholderText": [Function],
  "queryAllByRole": [Function],
  "queryAllByTestId": [Function],
  "queryAllByText": [Function],
  "queryAllByTitle": [Function],
  "queryByAltText": [Function],
  "queryByDisplayValue": [Function],
  "queryByLabelText": [Function],
  "queryByPlaceholderText": [Function],
  "queryByRole": [Function],
  "queryByTestId": [Function],
  "queryByText": [Function],
  "queryByTitle": [Function],
  "rerender": [Function],
  "unmount": [Function],
}
`;

exports[`Navbar renders Navbar component with props 1`] = `
<h1
  class="nav-title"
>
  Math Magicians
</h1>
`;
